// Jest Snapshot v1, https://goo.gl/fbAQLP

exports[`Layout Nav Page Snapshot 1`] = `
<div>
  <nav
    class="nav-wrapper css-r34cv1"
  >
    <article
      class="nav-list-wrapper css-jh0u6n"
    >
      <div
        class="css-peiozq"
      >
        <div
          class="nav-search-wrapper css-1qxmmiy"
        >
          <form
            class="nav-search-form css-b3mgo2"
          >
            <fieldset
              class="css-1opjr3t"
            >
              <legend>
                모듈 검색
              </legend>
              <div
                class="css-1rbly99"
              >
                <div
                  class="css-1l2zqce"
                >
                  <input
                    class="css-1ibeljf"
                    maxlength="20"
                    placeholder="모듈 검색"
                    type="text"
                  />
                </div>
              </div>
            </fieldset>
          </form>
        </div>
      </div>
      <ul
        class="nav-list-wrapper css-ge2mxv"
      >
        <li>
          <a
            class="mcm-link-unit css-1h5x3dy"
            href="/modules/Modal"
          >
            <span
              class="mcm-span-unit"
            >
              Modal
            </span>
          </a>
        </li>
        <li>
          <a
            class="mcm-link-unit css-1h5x3dy"
            href="/modules/Slick"
          >
            <span
              class="mcm-span-unit"
            >
              Slick
            </span>
          </a>
        </li>
      </ul>
    </article>
  </nav>
</div>
`;
