// Jest Snapshot v1, https://goo.gl/fbAQLP

exports[`Layout Nav Search Page Snapshot 1`] = `
<div>
  <div
    class="nav-search-wrapper css-1pry9ao"
  >
    xw
    <fieldset
      class="css-1opjr3t"
    >
      <legend>
        모듈 검색
      </legend>
      <div
        class="css-1rbly99"
      >
        <div
          class="css-2gjeij"
        >
          <input
            class="nav-search-input css-1wxelb4"
            maxlength="20"
            placeholder="모듈 검색"
            type="text"
          />
          <div
            class="css-iju4mq"
          >
            <button
              class="mcm-close-button-unit css-1yn8fww"
            />
          </div>
        </div>
      </div>
    </fieldset>
  </div>
</div>
`;
