// Jest Snapshot v1, https://goo.gl/fbAQLP

exports[`Layout Home Page Snapshot 1`] = `
<div>
  <div
    class="layout-home-wrapper css-1twbe3w"
  >
    <header
      class="layout-header-wrapper css-9a7bum"
    >
      <a
        class="mcm-link-unit layout-header-link css-1h5x3dy"
        href="/"
      >
        <img
          class="mcm-image-unit layout-header-logo css-msby2z"
          src="/images/commons/logo/MCM_white_logo.png"
        />
      </a>
    </header>
    <div
      class="css-1bekwa3"
    >
      <nav
        class="nav-wrapper css-g3duar"
      >
        <article
          class="nav-list-wrapper css-10y3vds"
        >
          <div
            class="nav-search-wrapper css-lobae1"
          >
            <form
              class="nav-search-form css-0"
            >
              <fieldset
                class="css-1opjr3t"
              >
                <legend>
                  모듈 검색
                </legend>
                <div
                  class="css-1rbly99"
                >
                  <div
                    class="css-1sg36r4"
                  >
                    123123
                  </div>
                </div>
              </fieldset>
            </form>
          </div>
          <a
            class="mcm-link-unit tap css-1h5x3dy"
            href="/modules/modal"
          >
            <p
              class="mcm-p-unit tap-name css-pzlb5d"
            >
              Modal
            </p>
          </a>
        </article>
      </nav>
      <div>
        레아이웃 페이지입니다.
      </div>
    </div>
  </div>
</div>
`;
