// Jest Snapshot v1, https://goo.gl/fbAQLP

exports[`Layout Header Page Check link and img tag 1`] = `
<div>
  <header
    class="layout-header-wrapper css-9a7bum"
  >
    <a
      class="mcm-link-unit layout-header-link css-1h5x3dy"
      href="/"
    >
      <img
        class="mcm-image-unit layout-header-logo css-msby2z"
        src="/images/commons/logo/MCM_white_logo.png"
      />
    </a>
  </header>
</div>
`;

exports[`Layout Header Page Snapshot 1`] = `
<div>
  <header
    class="layout-header-wrapper css-9a7bum"
  >
    <a
      class="mcm-link-unit layout-header-link css-1h5x3dy"
      href="/"
    >
      <img
        class="mcm-image-unit layout-header-logo css-msby2z"
        src="/images/commons/logo/MCM_white_logo.png"
      />
    </a>
  </header>
</div>
`;
