// Jest Snapshot v1, https://goo.gl/fbAQLP

exports[`Example Code Icon Snapshot : false 1`] = `
<div>
  <div
    class="example-code-icon-button css-16pyd80"
  >
    <span
      class="css-1iywk7f"
      role="example-left-tem"
    >
      &lt;
    </span>
    <span
      class="css-9alhxk"
      role="example-fin"
    >
      /
    </span>
    <span
      class="css-1t3qs2b"
      role="example-right-tem"
    >
      &gt;
    </span>
  </div>
</div>
`;
