// Jest Snapshot v1, https://goo.gl/fbAQLP

exports[`Main Home Page Main Home Page - Snapshot 1`] = `
<div>
  <main
    class="main-template-wrapper css-18hqzxs"
  >
    <section
      class="css-12w58b6"
    >
      <h1
        class="mcm-title-unit"
      >
        MCM (My Custom Modules)
      </h1>
      <div
        class="css-1umslvj"
      >
        <p
          class="mcm-p-unit css-z401r8"
        >
          '라이브러리를 쉽게 커스텀할 수 있게 하는 모듈을 만들어보면 어떨까?' 하는 생각에서 시작된 프로젝트입니다.
        </p>
        <p
          class="mcm-p-unit css-z401r8"
        >
          실력이 부족한 개발자가 직접 만든 기능들이다 보니 이슈 발생 확률이 상당할 수도 있습니다. 😅
        </p>
        <p
          class="mcm-p-unit css-z401r8"
        >
          이용중에 발생되는 버그나 사용중에 느꼈었던 개선점들을 가감없이 말씀해주시면 감사하겠습니다! 🙇
        </p>
      </div>
    </section>
    <section
      class="css-1fuuxf2"
    >
      <div
        class="subTitle-Template npmInstall css-cw3rkw"
      >
        <div
          class="subTitle-title-wrapper css-1knbux5"
        >
          <h2
            class="mcm-title-unit subTitle"
          >
            💾 Install
          </h2>
        </div>
        <div
          class="subTitle-line css-18klhw4"
        />
        <div
          class="css-11s8qa8"
        >
          <b>
            MCM-js npm : 
          </b>
          <a
            class="mcm-anchor-unit css-1y7ig4m"
            href="https://www.npmjs.com/package/mcm-js"
            rel="noreferrer"
            target="_blank"
          >
            https://www.npmjs.com/package/mcm-js
          </a>
        </div>
        <div
          class="css-1kbhwo5"
        >
          <div
            class="css-1ivwabx"
          >
            <h3
              class="mcm-title-unit"
            >
              npm
            </h3>
            <div
              class="copy-wrapper css-1nugrr6"
            >
              <div
                class="copy-text css-gjwso2"
              >
                <p
                  class="mcm-p-unit copy-contents css-z401r8"
                >
                  npm install mcm-js
                </p>
              </div>
              <button
                class="css-fxbknv"
              >
                <p
                  class="mcm-p-unit css-z401r8"
                >
                  Copy
                </p>
              </button>
            </div>
          </div>
          <div
            class="css-1ivwabx"
          >
            <h3
              class="mcm-title-unit"
            >
              yarn
            </h3>
            <div
              class="copy-wrapper css-1nugrr6"
            >
              <div
                class="copy-text css-gjwso2"
              >
                <p
                  class="mcm-p-unit copy-contents css-z401r8"
                >
                  yarn add mcm-js
                </p>
              </div>
              <button
                class="css-fxbknv"
              >
                <p
                  class="mcm-p-unit css-z401r8"
                >
                  Copy
                </p>
              </button>
            </div>
          </div>
        </div>
      </div>
    </section>
  </main>
</div>
`;
