// Jest Snapshot v1, https://goo.gl/fbAQLP

exports[`Example Template Page Example Template Page - Snapshot 1`] = `
<div>
  <div
    class="_subTitleTemplate_ _example_template_title_ css-k59gj9"
  >
    <div>
      <h2
        class="_title_ _subTitle_"
      />
    </div>
    <div
      class="_subTitleLine_ css-18klhw4"
    />
    <div
      class="css-1sw7z4p"
    >
      <div
        class="css-bqybxg"
      >
        <div>
          <h3
            class="_title_"
          />
        </div>
        <div
          class="css-1bzs2hq"
        />
      </div>
    </div>
  </div>
</div>
`;
