// Jest Snapshot v1, https://goo.gl/fbAQLP

exports[`Example Template Page Snapshot 1`] = `
<div>
  <div
    class="css-29vync"
  >
    <div
      class="css-503l71"
    >
      <div
        class="subTitle-Template exmaple-subTitle css-cw3rkw"
      >
        <div
          class="subTitle-title-wrapper css-1knbux5"
        >
          <h2
            class="mcm-title-unit subTitle"
          >
            📝 사용 예시
          </h2>
          <button
            class="cmm-button-unit toggle-all-code-btn css-19ngahp"
            role="button_click_event"
          >
            모든 코드 
            열기
          </button>
        </div>
        <div
          class="subTitle-line css-18klhw4"
        />
        <p
          class="mcm-p-unit subTitle-remarks css-pzlb5d"
        >
          각각의 사용 예시들을 통해 어떻게 사용할 수 있는지 알아봅시다.
        </p>
      </div>
    </div>
    <div
      class="css-1sw7z4p"
    >
      <div
        class="css-1eb0wob"
      >
        <h3
          class="mcm-title-unit"
        >
          기본 (Basic)
        </h3>
        <div
          class="css-1kw0xyg"
        >
          <div
            class="css-va4riu"
            style="width: 100%;"
          >
            <div
              class="css-uy3vqj"
            >
              <p
                class="mcm-p-unit example-remarks css-pzlb5d"
              >
                제일 기본적으로 실행되는 모달입니다.
              </p>
            </div>
            <section
              class="css-cnt23e"
            >
              <button
                class="css-qf2s45"
              >
                <div
                  class="example-code-icon-button css-16pyd80"
                >
                  <span
                    class="css-1iywk7f"
                    role="example-left-tem"
                  >
                    &lt;
                  </span>
                  <span
                    class="css-9alhxk"
                    role="example-fin"
                  >
                    /
                  </span>
                  <span
                    class="css-1t3qs2b"
                    role="example-right-tem"
                  >
                    &gt;
                  </span>
                </div>
              </button>
              <div
                class="css-nef91a"
              >
                <div
                  class="copy-wrapper css-wbm39"
                >
                  <div
                    class="copy-wrappertext_ css-gjwso2"
                  >
                    <pre
                      class="css-1ppfysk"
                    >
                      <code>
                          
                        <span
                          class="purple"
                        >
                          return (
                        </span>
                        
    
                        <span
                          class="skyblue"
                        >
                          show
                        </span>
                        <span
                          class="lightGray"
                        >
                          =
                        </span>
                        <span
                          class="blue"
                        >
                          {isOpen}
                        </span>
                         
                        <span
                          class="skyblue"
                        >
                          onCloseModal
                        </span>
                        <span
                          class="lightGray"
                        >
                          =
                        </span>
                        <span
                          class="blue"
                        >
                          {
                        </span>
                        <span
                          class="lightYellow"
                        >
                          closeModal
                        </span>
                        <span
                          class="blue"
                        >
                          }
                        </span>
                        
  
                        <span
                          class="purple"
                        >
                          )
                        </span>
                        <span
                          class="lightGray"
                        >
                          ;
                        </span>
                      </code>
                    </pre>
                  </div>
                  <button
                    class="css-dqlxgg"
                  >
                    <p
                      class="mcm-p-unit css-pzlb5d"
                    >
                      Copy
                    </p>
                  </button>
                </div>
              </div>
            </section>
          </div>
        </div>
      </div>
      <div
        class="css-1eb0wob"
      >
        <h3
          class="mcm-title-unit"
        >
          애니메이션 (Animation) 적용
        </h3>
        <div
          class="css-1kw0xyg"
        >
          <div
            class="css-va4riu"
            style="width: 100%;"
          >
            <div
              class="css-uy3vqj"
            >
              <p
                class="mcm-p-unit example-remarks css-pzlb5d"
              >
                애니메이션이 적용되어 좀더 활동적인 모달을 제공합니다.
              </p>
            </div>
            <section
              class="css-cnt23e"
            >
              <button
                class="css-qf2s45"
              >
                <div
                  class="example-code-icon-button css-16pyd80"
                >
                  <span
                    class="css-1iywk7f"
                    role="example-left-tem"
                  >
                    &lt;
                  </span>
                  <span
                    class="css-9alhxk"
                    role="example-fin"
                  >
                    /
                  </span>
                  <span
                    class="css-1t3qs2b"
                    role="example-right-tem"
                  >
                    &gt;
                  </span>
                </div>
              </button>
              <div
                class="css-nef91a"
              >
                <div
                  class="copy-wrapper css-wbm39"
                >
                  <div
                    class="copy-wrappertext_ css-gjwso2"
                  >
                    <pre
                      class="css-1ppfysk"
                    >
                      <code>
                          
                        <span
                          class="purple"
                        >
                          return (
                        </span>
                        
    
        
                        <span
                          class="skyblue"
                        >
                          show
                        </span>
                        <span
                          class="lightGray"
                        >
                          =
                        </span>
                        <span
                          class="blue"
                        >
                          {isOpen}
                        </span>
                        
        
                        <span
                          class="skyblue"
                        >
                          onCloseModal
                        </span>
                        <span
                          class="lightGray"
                        >
                          =
                        </span>
                        <span
                          class="blue"
                        >
                          {
                        </span>
                        <span
                          class="lightYellow"
                        >
                          closeModal
                        </span>
                        <span
                          class="blue"
                        >
                          }
                        </span>
                        
        
                        <span
                          class="skyblue"
                        >
                          showBGAnimation
                        </span>
                        <span
                          class="lightGray"
                        >
                          =
                        </span>
                        <span
                          class="blue"
                        >
                          {true}
                        </span>
                        
        
                        <span
                          class="skyblue"
                        >
                          showModalOpenAnimation
                        </span>
                        <span
                          class="lightGray"
                        >
                          =
                        </span>
                        <span
                          class="blue"
                        >
                          {true}
                        </span>
                        
      
  
                        <span
                          class="purple"
                        >
                          )
                        </span>
                        <span
                          class="lightGray"
                        >
                          ;
                        </span>
                      </code>
                    </pre>
                  </div>
                  <button
                    class="css-dqlxgg"
                  >
                    <p
                      class="mcm-p-unit css-pzlb5d"
                    >
                      Copy
                    </p>
                  </button>
                </div>
              </div>
            </section>
          </div>
        </div>
      </div>
      <div
        class="css-1eb0wob"
      >
        <h3
          class="mcm-title-unit"
        >
          크기 조절
        </h3>
        <div
          class="css-1kw0xyg"
        >
          <div
            class="css-va4riu"
            style="width: 100%;"
          >
            <div
              class="css-uy3vqj"
            >
              <p
                class="mcm-p-unit example-remarks css-pzlb5d"
              >
                width 300px, height : 300px 크기의 모달을 만들 수 있습니다.
              </p>
            </div>
            <section
              class="css-cnt23e"
            >
              <button
                class="css-qf2s45"
              >
                <div
                  class="example-code-icon-button css-16pyd80"
                >
                  <span
                    class="css-1iywk7f"
                    role="example-left-tem"
                  >
                    &lt;
                  </span>
                  <span
                    class="css-9alhxk"
                    role="example-fin"
                  >
                    /
                  </span>
                  <span
                    class="css-1t3qs2b"
                    role="example-right-tem"
                  >
                    &gt;
                  </span>
                </div>
              </button>
              <div
                class="css-nef91a"
              >
                <div
                  class="copy-wrapper css-wbm39"
                >
                  <div
                    class="copy-wrappertext_ css-gjwso2"
                  >
                    <pre
                      class="css-1ppfysk"
                    >
                      <code>
                          
                        <span
                          class="purple"
                        >
                          return (
                        </span>
                        
    
        
                        <span
                          class="skyblue"
                        >
                          show
                        </span>
                        <span
                          class="lightGray"
                        >
                          =
                        </span>
                        <span
                          class="blue"
                        >
                          {isOpen}
                        </span>
                        
        
                        <span
                          class="skyblue"
                        >
                          onCloseModal
                        </span>
                        <span
                          class="lightGray"
                        >
                          =
                        </span>
                        <span
                          class="blue"
                        >
                          {
                        </span>
                        <span
                          class="lightYellow"
                        >
                          closeModal
                        </span>
                        <span
                          class="blue"
                        >
                          }
                        </span>
                        
        
                        <span
                          class="skyblue"
                        >
                          styles
                        </span>
                        <span
                          class="lightGray"
                        >
                          =
                        </span>
                        <span
                          class="blue"
                        >
                          {
                        </span>
                        <span
                          class="yellow"
                        >
                          {
                        </span>
                         
                        <span
                          class="skyblue"
                        >
                          width:
                        </span>
                         
                        <span
                          class="lightOrange"
                        >
                          "300px"
                        </span>
                        <span
                          class="lightGray"
                        >
                          ,
                        </span>
                         
                        <span
                          class="skyblue"
                        >
                          height:
                        </span>
                         
                        <span
                          class="lightOrange"
                        >
                          "300px"
                        </span>
                         
                        <span
                          class="yellow"
                        >
                          }
                        </span>
                        <span
                          class="blue"
                        >
                          }
                        </span>
                        
      
  
                        <span
                          class="purple"
                        >
                          )
                        </span>
                        <span
                          class="lightGray"
                        >
                          ;
                        </span>
                      </code>
                    </pre>
                  </div>
                  <button
                    class="css-dqlxgg"
                  >
                    <p
                      class="mcm-p-unit css-pzlb5d"
                    >
                      Copy
                    </p>
                  </button>
                </div>
              </div>
            </section>
          </div>
          <div
            class="css-va4riu"
            style="width: 100%;"
          >
            <div
              class="css-uy3vqj"
            >
              <p
                class="mcm-p-unit example-remarks css-pzlb5d"
              >
                width 30%, height : 40% 크기의 모달을 만들 수 있습니다.
              </p>
            </div>
            <section
              class="css-cnt23e"
            >
              <button
                class="css-qf2s45"
              >
                <div
                  class="example-code-icon-button css-16pyd80"
                >
                  <span
                    class="css-1iywk7f"
                    role="example-left-tem"
                  >
                    &lt;
                  </span>
                  <span
                    class="css-9alhxk"
                    role="example-fin"
                  >
                    /
                  </span>
                  <span
                    class="css-1t3qs2b"
                    role="example-right-tem"
                  >
                    &gt;
                  </span>
                </div>
              </button>
              <div
                class="css-nef91a"
              >
                <div
                  class="copy-wrapper css-wbm39"
                >
                  <div
                    class="copy-wrappertext_ css-gjwso2"
                  >
                    <pre
                      class="css-1ppfysk"
                    >
                      <code>
                          
                        <span
                          class="purple"
                        >
                          return (
                        </span>
                        
    
        
                        <span
                          class="skyblue"
                        >
                          show
                        </span>
                        <span
                          class="lightGray"
                        >
                          =
                        </span>
                        <span
                          class="blue"
                        >
                          {isOpen}
                        </span>
                        
        
                        <span
                          class="skyblue"
                        >
                          onCloseModal
                        </span>
                        <span
                          class="lightGray"
                        >
                          =
                        </span>
                        <span
                          class="blue"
                        >
                          {
                        </span>
                        <span
                          class="lightYellow"
                        >
                          closeModal
                        </span>
                        <span
                          class="blue"
                        >
                          }
                        </span>
                        
        
                        <span
                          class="skyblue"
                        >
                          styles
                        </span>
                        <span
                          class="lightGray"
                        >
                          =
                        </span>
                        <span
                          class="blue"
                        >
                          {
                        </span>
                        <span
                          class="yellow"
                        >
                          {
                        </span>
                         
                        <span
                          class="skyblue"
                        >
                          width:
                        </span>
                         
                        <span
                          class="lightOrange"
                        >
                          "30%"
                        </span>
                        <span
                          class="lightGray"
                        >
                          ,
                        </span>
                         
                        <span
                          class="skyblue"
                        >
                          height:
                        </span>
                         
                        <span
                          class="lightOrange"
                        >
                          "40%"
                        </span>
                         
                        <span
                          class="yellow"
                        >
                          }
                        </span>
                        <span
                          class="blue"
                        >
                          }
                        </span>
                        
      
  
                        <span
                          class="purple"
                        >
                          )
                        </span>
                        <span
                          class="lightGray"
                        >
                          ;
                        </span>
                      </code>
                    </pre>
                  </div>
                  <button
                    class="css-dqlxgg"
                  >
                    <p
                      class="mcm-p-unit css-pzlb5d"
                    >
                      Copy
                    </p>
                  </button>
                </div>
              </div>
            </section>
          </div>
        </div>
      </div>
      <div
        class="css-1eb0wob"
      >
        <h3
          class="mcm-title-unit"
        >
          모바일 반응형 조절
        </h3>
        <div
          class="css-1kw0xyg"
        >
          <div
            class="css-va4riu"
            style="width: 100%;"
          >
            <div
              class="css-uy3vqj"
            >
              <p
                class="mcm-p-unit example-remarks css-pzlb5d"
              >
                모바일에서의 크기를 별도로 조절할 수도 있습니다.
              </p>
            </div>
            <section
              class="css-cnt23e"
            >
              <button
                class="css-qf2s45"
              >
                <div
                  class="example-code-icon-button css-16pyd80"
                >
                  <span
                    class="css-1iywk7f"
                    role="example-left-tem"
                  >
                    &lt;
                  </span>
                  <span
                    class="css-9alhxk"
                    role="example-fin"
                  >
                    /
                  </span>
                  <span
                    class="css-1t3qs2b"
                    role="example-right-tem"
                  >
                    &gt;
                  </span>
                </div>
              </button>
              <div
                class="css-nef91a"
              >
                <div
                  class="copy-wrapper css-wbm39"
                >
                  <div
                    class="copy-wrappertext_ css-gjwso2"
                  >
                    <pre
                      class="css-1ppfysk"
                    >
                      <code>
                          
                        <span
                          class="purple"
                        >
                          return (
                        </span>
                        
    
        
                        <span
                          class="skyblue"
                        >
                          show
                        </span>
                        <span
                          class="lightGray"
                        >
                          =
                        </span>
                        <span
                          class="blue"
                        >
                          {isOpen}
                        </span>
                        
        
                        <span
                          class="skyblue"
                        >
                          onCloseModal
                        </span>
                        <span
                          class="lightGray"
                        >
                          =
                        </span>
                        <span
                          class="blue"
                        >
                          {
                        </span>
                        <span
                          class="lightYellow"
                        >
                          closeModal
                        </span>
                        <span
                          class="blue"
                        >
                          }
                        </span>
                        
        
                        <span
                          class="skyblue"
                        >
                          mobileDefaultStyles
                        </span>
                        <span
                          class="lightGray"
                        >
                          =
                        </span>
                        <span
                          class="blue"
                        >
                          {
                        </span>
                        <span
                          class="yellow"
                        >
                          {
                        </span>
                         
                        <span
                          class="skyblue"
                        >
                          width:
                        </span>
                         
                        <span
                          class="lightOrange"
                        >
                          "50%"
                        </span>
                        <span
                          class="lightGray"
                        >
                          ,
                        </span>
                         
                        <span
                          class="skyblue"
                        >
                          height:
                        </span>
                         
                        <span
                          class="lightOrange"
                        >
                          "50%"
                        </span>
                         
                        <span
                          class="yellow"
                        >
                          }
                        </span>
                        <span
                          class="blue"
                        >
                          }
                        </span>
                        
      
  
                        <span
                          class="purple"
                        >
                          )
                        </span>
                        <span
                          class="lightGray"
                        >
                          ;
                        </span>
                      </code>
                    </pre>
                  </div>
                  <button
                    class="css-dqlxgg"
                  >
                    <p
                      class="mcm-p-unit css-pzlb5d"
                    >
                      Copy
                    </p>
                  </button>
                </div>
              </div>
            </section>
          </div>
        </div>
      </div>
      <div
        class="css-13p5azg"
      >
        <h3
          class="mcm-title-unit"
        >
          모달 닫기 관련
        </h3>
        <div
          class="css-1kw0xyg"
        >
          <div
            class="css-va4riu"
            style="width: 33.333333333333336%;"
          >
            <div
              class="css-uy3vqj"
            >
              <p
                class="mcm-p-unit example-remarks css-pzlb5d"
              >
                닫기 버튼을 사용하지 않을 수도 있습니다.
              </p>
            </div>
            <section
              class="css-cnt23e"
            >
              <button
                class="css-qf2s45"
              >
                <div
                  class="example-code-icon-button css-16pyd80"
                >
                  <span
                    class="css-1iywk7f"
                    role="example-left-tem"
                  >
                    &lt;
                  </span>
                  <span
                    class="css-9alhxk"
                    role="example-fin"
                  >
                    /
                  </span>
                  <span
                    class="css-1t3qs2b"
                    role="example-right-tem"
                  >
                    &gt;
                  </span>
                </div>
              </button>
              <div
                class="css-nef91a"
              >
                <div
                  class="copy-wrapper css-wbm39"
                >
                  <div
                    class="copy-wrappertext_ css-gjwso2"
                  >
                    <pre
                      class="css-1ppfysk"
                    >
                      <code>
                          
                        <span
                          class="purple"
                        >
                          return (
                        </span>
                        
    
                        <span
                          class="skyblue"
                        >
                          show
                        </span>
                        <span
                          class="lightGray"
                        >
                          =
                        </span>
                        <span
                          class="blue"
                        >
                          {isOpen}
                        </span>
                         
                        <span
                          class="skyblue"
                        >
                          onCloseModal
                        </span>
                        <span
                          class="lightGray"
                        >
                          =
                        </span>
                        <span
                          class="blue"
                        >
                          {
                        </span>
                        <span
                          class="lightYellow"
                        >
                          closeModal
                        </span>
                        <span
                          class="blue"
                        >
                          }
                        </span>
                         
                        <span
                          class="skyblue"
                        >
                          hideCloseButton
                        </span>
                        
  
                        <span
                          class="purple"
                        >
                          )
                        </span>
                        <span
                          class="lightGray"
                        >
                          ;
                        </span>
                      </code>
                    </pre>
                  </div>
                  <button
                    class="css-dqlxgg"
                  >
                    <p
                      class="mcm-p-unit css-pzlb5d"
                    >
                      Copy
                    </p>
                  </button>
                </div>
              </div>
            </section>
          </div>
          <div
            class="css-va4riu"
            style="width: 33.333333333333336%;"
          >
            <div
              class="css-uy3vqj"
            >
              <p
                class="mcm-p-unit example-remarks css-pzlb5d"
              >
                닫기에 대한 설명을 덧붙일 수 있습니다.
              </p>
            </div>
            <section
              class="css-cnt23e"
            >
              <button
                class="css-qf2s45"
              >
                <div
                  class="example-code-icon-button css-16pyd80"
                >
                  <span
                    class="css-1iywk7f"
                    role="example-left-tem"
                  >
                    &lt;
                  </span>
                  <span
                    class="css-9alhxk"
                    role="example-fin"
                  >
                    /
                  </span>
                  <span
                    class="css-1t3qs2b"
                    role="example-right-tem"
                  >
                    &gt;
                  </span>
                </div>
              </button>
              <div
                class="css-nef91a"
              >
                <div
                  class="copy-wrapper css-wbm39"
                >
                  <div
                    class="copy-wrappertext_ css-gjwso2"
                  >
                    <pre
                      class="css-1ppfysk"
                    >
                      <code>
                          
                        <span
                          class="purple"
                        >
                          return (
                        </span>
                        
    
        
                        <span
                          class="skyblue"
                        >
                          show
                        </span>
                        <span
                          class="lightGray"
                        >
                          =
                        </span>
                        <span
                          class="blue"
                        >
                          {isOpen}
                        </span>
                        
        
                        <span
                          class="skyblue"
                        >
                          onCloseModal
                        </span>
                        <span
                          class="lightGray"
                        >
                          =
                        </span>
                        <span
                          class="blue"
                        >
                          {
                        </span>
                        <span
                          class="lightYellow"
                        >
                          closeModal
                        </span>
                        <span
                          class="blue"
                        >
                          }
                        </span>
                        
        
                        <span
                          class="skyblue"
                        >
                          closeMent
                        </span>
                        <span
                          class="lightGray"
                        >
                          =
                        </span>
                        <span
                          class="lightOrange"
                        >
                          "오늘 하루 보지 않기"
                        </span>
                        
      
  
                        <span
                          class="purple"
                        >
                          )
                        </span>
                        <span
                          class="lightGray"
                        >
                          ;
                        </span>
                      </code>
                    </pre>
                  </div>
                  <button
                    class="css-dqlxgg"
                  >
                    <p
                      class="mcm-p-unit css-pzlb5d"
                    >
                      Copy
                    </p>
                  </button>
                </div>
              </div>
            </section>
          </div>
          <div
            class="css-va4riu"
            style="width: 33.333333333333336%;"
          >
            <div
              class="css-uy3vqj"
            >
              <p
                class="mcm-p-unit example-remarks css-pzlb5d"
              >
                닫기 버튼 사이즈를 조절합니다.
              </p>
            </div>
            <section
              class="css-cnt23e"
            >
              <button
                class="css-qf2s45"
              >
                <div
                  class="example-code-icon-button css-16pyd80"
                >
                  <span
                    class="css-1iywk7f"
                    role="example-left-tem"
                  >
                    &lt;
                  </span>
                  <span
                    class="css-9alhxk"
                    role="example-fin"
                  >
                    /
                  </span>
                  <span
                    class="css-1t3qs2b"
                    role="example-right-tem"
                  >
                    &gt;
                  </span>
                </div>
              </button>
              <div
                class="css-nef91a"
              >
                <div
                  class="copy-wrapper css-wbm39"
                >
                  <div
                    class="copy-wrappertext_ css-gjwso2"
                  >
                    <pre
                      class="css-1ppfysk"
                    >
                      <code>
                          
                        <span
                          class="purple"
                        >
                          return (
                        </span>
                        
    
                        <span
                          class="skyblue"
                        >
                          show
                        </span>
                        <span
                          class="lightGray"
                        >
                          =
                        </span>
                        <span
                          class="blue"
                        >
                          {isOpen}
                        </span>
                         
                        <span
                          class="skyblue"
                        >
                          onCloseModal
                        </span>
                        <span
                          class="lightGray"
                        >
                          =
                        </span>
                        <span
                          class="blue"
                        >
                          {
                        </span>
                        <span
                          class="lightYellow"
                        >
                          closeModal
                        </span>
                        <span
                          class="blue"
                        >
                          }
                        </span>
                         
                        <span
                          class="skyblue"
                        >
                          closeButtonSize
                        </span>
                        <span
                          class="lightGray"
                        >
                          =
                        </span>
                        <span
                          class="lightOrange"
                        >
                          "15px"
                        </span>
                        
  
                        <span
                          class="purple"
                        >
                          )
                        </span>
                        <span
                          class="lightGray"
                        >
                          ;
                        </span>
                      </code>
                    </pre>
                  </div>
                  <button
                    class="css-dqlxgg"
                  >
                    <p
                      class="mcm-p-unit css-pzlb5d"
                    >
                      Copy
                    </p>
                  </button>
                </div>
              </div>
            </section>
          </div>
        </div>
      </div>
      <div
        class="css-1eb0wob"
      >
        <h3
          class="mcm-title-unit"
        >
          자동 종료 (auto-close) 방지
        </h3>
        <div
          class="css-1kw0xyg"
        >
          <div
            class="css-va4riu"
            style="width: 100%;"
          >
            <div
              class="css-uy3vqj"
            >
              <p
                class="mcm-p-unit example-remarks css-pzlb5d"
              >
                외부 영역을 선택해도 모달이 종료되지 않습니다.
              </p>
            </div>
            <section
              class="css-cnt23e"
            >
              <button
                class="css-qf2s45"
              >
                <div
                  class="example-code-icon-button css-16pyd80"
                >
                  <span
                    class="css-1iywk7f"
                    role="example-left-tem"
                  >
                    &lt;
                  </span>
                  <span
                    class="css-9alhxk"
                    role="example-fin"
                  >
                    /
                  </span>
                  <span
                    class="css-1t3qs2b"
                    role="example-right-tem"
                  >
                    &gt;
                  </span>
                </div>
              </button>
              <div
                class="css-nef91a"
              >
                <div
                  class="copy-wrapper css-wbm39"
                >
                  <div
                    class="copy-wrappertext_ css-gjwso2"
                  >
                    <pre
                      class="css-1ppfysk"
                    >
                      <code>
                          
                        <span
                          class="purple"
                        >
                          return (
                        </span>
                        
    
                        <span
                          class="skyblue"
                        >
                          show
                        </span>
                        <span
                          class="lightGray"
                        >
                          =
                        </span>
                        <span
                          class="blue"
                        >
                          {isOpen}
                        </span>
                         
                        <span
                          class="skyblue"
                        >
                          onCloseModal
                        </span>
                        <span
                          class="lightGray"
                        >
                          =
                        </span>
                        <span
                          class="blue"
                        >
                          {
                        </span>
                        <span
                          class="lightYellow"
                        >
                          closeModal
                        </span>
                        <span
                          class="blue"
                        >
                          }
                        </span>
                         
                        <span
                          class="skyblue"
                        >
                          offAutoClose
                        </span>
                        <span
                          class="lightGray"
                        >
                          =
                        </span>
                        <span
                          class="blue"
                        >
                          {true}
                        </span>
                        
  
                        <span
                          class="purple"
                        >
                          )
                        </span>
                        <span
                          class="lightGray"
                        >
                          ;
                        </span>
                      </code>
                    </pre>
                  </div>
                  <button
                    class="css-dqlxgg"
                  >
                    <p
                      class="mcm-p-unit css-pzlb5d"
                    >
                      Copy
                    </p>
                  </button>
                </div>
              </div>
            </section>
          </div>
        </div>
      </div>
    </div>
  </div>
</div>
`;
