// Jest Snapshot v1, https://goo.gl/fbAQLP

exports[`Tree List Page Snapshot 1`] = `
<div>
  <div
    class="tree-list-wrapper css-1hxre6i"
  >
    <div
      class="copy-wrapper tree-list css-di3nu0"
    >
      <div
        class="copy-text css-gjwso2"
      >
        <pre
          class="copy-code-list css-1gnhfxs"
        >
          <code
            class="copy-code"
          >
            <code
              class="select-tree"
              onclick="selectTree(0)"
              style="--left : 0"
              }=""
            >
              &lt;
              <span
                class="darkBlue"
              >
                div 
                <span
                  class="skyblue"
                >
                  class=
                </span>
                <span
                  class="lightOrange"
                >
                  "mcm-modal-wrapper"
                </span>
              </span>
              &gt;
            </code>
            <code
              class=""
              onclick="selectTree(1)"
              style="--left : 1"
              }=""
            >
              <span>
                ∟
              </span>
               &lt;
              <span
                class="darkBlue"
              >
                div 
                <span
                  class="skyblue"
                >
                  class=
                </span>
                <span
                  class="lightOrange"
                >
                  "mcm-modal-items"
                </span>
              </span>
              &gt;
            </code>
            <code
              class=""
              onclick="selectTree(2)"
              style="--left : 2"
              }=""
            >
              <span>
                ∟
              </span>
               &lt;
              <span
                class="darkBlue"
              >
                div 
                <span
                  class="skyblue"
                >
                  class=
                </span>
                <span
                  class="lightOrange"
                >
                  "mcm-modal-close-button-wrapper"
                </span>
              </span>
              &gt;
            </code>
            <code
              class=""
              onclick="selectTree(3)"
              style="--left : 3"
              }=""
            >
              <span>
                ∟
              </span>
               &lt;
              <span
                class="darkBlue"
              >
                button 
                <span
                  class="skyblue"
                >
                  class=
                </span>
                <span
                  class="lightOrange"
                >
                  "mcm-modal-close-ment-button"
                </span>
              </span>
              &gt;
            </code>
            <code
              class=""
              onclick="selectTree(4)"
              style="--left : 4"
              }=""
            >
              <span>
                ∟
              </span>
               &lt;
              <span
                class="darkBlue"
              >
                span 
                <span
                  class="skyblue"
                >
                  class=
                </span>
                <span
                  class="lightOrange"
                >
                  "mcm-modal-close-ment"
                </span>
              </span>
              &gt;
            </code>
            <code
              class=""
              onclick="selectTree(5)"
              style="--left : 3"
              }=""
            >
              <span>
                ∟
              </span>
               &lt;
              <span
                class="darkBlue"
              >
                button 
                <span
                  class="skyblue"
                >
                  class=
                </span>
                <span
                  class="lightOrange"
                >
                  "mcm-modal-close-button"
                </span>
              </span>
              &gt;
            </code>
            <code
              class=""
              onclick="selectTree(6)"
              style="--left : 2"
              }=""
            >
              <span>
                ∟
              </span>
               &lt;
              <span
                class="darkBlue"
              >
                div 
                <span
                  class="skyblue"
                >
                  class=
                </span>
                <span
                  class="lightOrange"
                >
                  "mcm-modal-layout"
                </span>
              </span>
              &gt;
            </code>
            <code
              class=""
              onclick="selectTree(7)"
              style="--left : 3"
              }=""
            >
              <span>
                ∟
              </span>
               &lt;
              <span
                class="darkBlue"
              >
                div 
                <span
                  class="skyblue"
                >
                  class=
                </span>
                <span
                  class="lightOrange"
                >
                  "mcm-modal-content"
                </span>
              </span>
              &gt;
            </code>
          </code>
        </pre>
      </div>
    </div>
  </div>
</div>
`;
