// Jest Snapshot v1, https://goo.gl/fbAQLP

exports[`subTitle Template Page Snapshot 1`] = `
<div>
  <div
    class="subTitle-Template css-cw3rkw"
  >
    <div
      class="subTitle-title-wrapper css-1knbux5"
    >
      <h2
        class="mcm-title-unit subTitle"
      >
         서브타이틀 테스트
      </h2>
    </div>
    <div
      class="subTitle-line css-18klhw4"
    />
    <span>
      내용
    </span>
  </div>
</div>
`;
