// Jest Snapshot v1, https://goo.gl/fbAQLP

exports[`Modal Example Page Modal Example Page - Snapshot 1`] = `
<div>
  <button
    class="cmm-button-unit _open_module_button_ css-19ngahp"
    role="button_click_event"
  >
    클릭하세요.
  </button>
  <div
    class="mcm-modal-wrapper css-uwybve"
  >
    <div
      class="mcm-modal-items css-1ys2wia"
    >
      <div
        class="mcm-modal-close-button-wrapper css-x1xtii"
        style="top: -30px;"
      >
        <button
          class="cmm-button-unit mcm-modal-close-ment-button css-19ngahp"
          role="button_click_event"
        >
          <span
            class="mcm-span-unit mcm-modal-close-ment css-1oteowz"
          />
        </button>
        <button
          class="mcm-close-button-unit mcm-modal-close-button css-141fzi4"
          style="display: flex;"
        />
      </div>
      <div
        class="mcm-modal-layout css-1qmdus"
      >
        <div
          class="mcm-modal-content css-r2q4vg"
        />
      </div>
    </div>
  </div>
</div>
`;
