// Jest Snapshot v1, https://goo.gl/fbAQLP

exports[`Modal Example Page Modal Example Page - Snapshot 1`] = `
<div>
  <button
    class="_button_"
    role="button_click_event"
  >
    클릭하세요.
  </button>
  <div
    class="cmm-modal-wrapper css-uwybve"
  >
    <div
      class="cmm-modal-items css-m029r6"
    >
      <button
        class="cmm-modal-close-button-wrapper css-1jzwdgn"
      >
        <div
          class="cmm-modal-close-button css-1ignqe8"
        />
      </button>
      <div
        class="cmm-modal-layout css-1vkx5dn"
      >
        <div
          class="cmm-modal-content css-1wdbmsj"
        />
      </div>
    </div>
  </div>
</div>
`;
