// Jest Snapshot v1, https://goo.gl/fbAQLP

exports[`Tree Template Page Snapshot 1`] = `
<div>
  <div
    class="css-1iyoj2o"
  >
    <div
      class="subTitle-Template tree-subTitle css-cw3rkw"
    >
      <div
        class="subTitle-title-wrapper css-1knbux5"
      >
        <h2
          class="mcm-title-unit subTitle"
        >
          📂 Module Tree
        </h2>
      </div>
      <div
        class="subTitle-line css-18klhw4"
      />
      <p
        class="mcm-p-unit subTitle-remarks css-z401r8"
      >
        모듈의 구조 안의 각각의 태그들이 어떤 역할을 하고 있는지 태그를 클릭해보세요.
      </p>
    </div>
    <div
      class="css-1757l5l"
    >
      <div
        class="tree-list-wrapper css-1hxre6i"
      >
        <div
          class="copy-wrapper tree-list css-di3nu0"
        >
          <div
            class="copy-text css-gjwso2"
          >
            <pre
              class="copy-code-list css-1gnhfxs"
            >
              <code
                class="copy-code"
              />
            </pre>
          </div>
        </div>
      </div>
      <div
        class="tree-detail-wrapper css-zmto2j"
      >
        <div
          class="tree-detail-empty-select css-12hwwz"
        >
          <p
            class="mcm-p-unit css-z401r8"
          >
            태그를 클릭해보세요.
          </p>
        </div>
      </div>
    </div>
  </div>
</div>
`;
